// Jest Snapshot v1, https://goo.gl/fbAQLP

exports[`RedirectToPathContext RedirectToPathContext will mount correctly 1`] = `""`;
