// Jest Snapshot v1, https://goo.gl/fbAQLP

exports[`Render Routes Should rendered routes successfully 1`] = `
<Switch>
  <Route
    exact={true}
    path="/"
    render={[Function]}
  />
  <Route
    exact={true}
    path="/without-layout"
    render={[Function]}
  />
</Switch>
`;
